// Jest Snapshot v1, https://goo.gl/fbAQLP

exports[`district name should match the snapshot 1`] = `"<span id=\\"lbl_DistrictName\\" class=\\"lblStyle_District\\">Austin ISD</span>"`;

exports[`sport name should match the snapshot 1`] = `"<span id=\\"lbl_PageTitle\\">Basketball (M)</span>"`;

exports[`team table should match the snapshot 1`] = `
"<div id=\\"content\\" style=\\"border:none;font-family:Arial, Helvetica, sans-serif;padding-top:20px;\\">
        <div id=\\"div_Error\\" style=\\"text-align: center; font-size:15px; display:none;\\">
            <span id=\\"lbl_Error\\" style=\\"color:Red;\\"></span>
        </div>
        <div id=\\"schoolCont\\" class=\\"flex fxd-col\\" style=\\"position:relative;\\">
            <div class=\\"flex fxd-row\\" style=\\"width:100%\\">
                <div id=\\"highCont\\" class=\\"flex fxd-col wid50per pad10\\" style=\\"width:100%\\">
                    <div id=\\"dvSubTitle1\\" class=\\"scheduleSubTitle NonMasterSubTitle\\" style=\\"background: white !important;\\">
                        
                    </div>
                    
                            <table width=\\"100%\\" class=\\"VSTable\\" id=\\"highTable\\">  
                                <tbody>
                                    
                            <tr>
                                <td align=\\"left\\" width=\\"100%\\">
                                    <a id=\\"rpt_Sub_lnk_Link_0\\" href=\\"https://www.rankone.com/Schedules/View_Schedule_Web.aspx?P=0&amp;D=85186918-5A19-4676-A654-3F3AC054DD77&amp;S=2331&amp;Sp=7&amp;Tm=43833&amp;L=1&amp;Mt=0\\">Varsity - Austin</a>
                                </td>
                            </tr>                                                       
                        
                            <tr>
                                <td align=\\"left\\" width=\\"100%\\">
                                    <a id=\\"rpt_Sub_lnk_Link_1\\" href=\\"https://www.rankone.com/Schedules/View_Schedule_Web.aspx?P=0&amp;D=85186918-5A19-4676-A654-3F3AC054DD77&amp;S=2331&amp;Sp=7&amp;Tm=43834&amp;L=2&amp;Mt=0\\">Junior Varsity - Austin</a>
                                </td>
                            </tr>                                                       
                        
                            <tr>
                                <td align=\\"left\\" width=\\"100%\\">
                                    <a id=\\"rpt_Sub_lnk_Link_2\\" href=\\"https://www.rankone.com/Schedules/View_Schedule_Web.aspx?P=0&amp;D=85186918-5A19-4676-A654-3F3AC054DD77&amp;S=2331&amp;Sp=7&amp;Tm=55158&amp;L=3&amp;Mt=0\\">9th grade - Maroon</a>
                                </td>
                            </tr>                                                       
                        
                            <tr>
                                <td align=\\"left\\" width=\\"100%\\">
                                    <a id=\\"rpt_Sub_lnk_Link_3\\" href=\\"https://www.rankone.com/Schedules/View_Schedule_Web.aspx?P=0&amp;D=85186918-5A19-4676-A654-3F3AC054DD77&amp;S=2331&amp;Sp=7&amp;Tm=75848&amp;L=3&amp;Mt=0\\">9th grade - White</a>
                                </td>
                            </tr>                                                       
                        
                                </tbody>                                                  
                            </table>
                        
                </div>           
                
                <br><br><br><br><br><br><br><br><br><br><br><br><br><br><br><br><br><br><br><br>
                
            </div>
            <div id=\\"lblApp\\" class=\\"flex fxd-col fx-justcenter fx-aligncenter pad15\\" style=\\"text-align: center\\">
                <div id=\\"dvApp\\" class=\\"pad15\\" style=\\"text-align: center\\">
                    Download the Rank One app for a mobile optimized experience!
                </div>
                <div class=\\"flex fxd-row\\" style=\\"\\">
                    <a href=\\"https://apps.apple.com/us/app/rank-one/id1579070294\\" target=\\"_blank\\">
                        <img id=\\"Image1\\" src=\\"../images/btn-app-store.png\\" style=\\"background-color: Black; height: 50px;\\">
                    </a>
                    &nbsp; &nbsp; &nbsp;
                    <a href=\\"https://play.google.com/store/apps/details?id=com.rankone.r1&amp;hl=en\\" target=\\"_blank\\">
                        <img id=\\"Image2\\" src=\\"../images/btn-google-play.png\\" style=\\"background-color: Black; height: 50px;\\">
                    </a>
                </div>
            </div>
        </div>
    </div>"
`;
